{
  "info": {
    "title": "Pet Store",
    "version": "0.1"
  },
  "host": "api.example.com",
  "basePath": "/api",
  "securityDefinitions": {
    "username": {
      "name": "username",
      "in": "header",
      "type": "string"
    },
    "password": {
      "name": "password",
      "in": "header",
      "type": "string"
    }
  },
  "definitions": {},
  "swagger": "2.0",
  "paths": {
    "/users": {
      "post": {
        "description": "Adds a User",
        "parameters": [
          {
            "name": "body",
            "in": "body",
            "schema": {
              "$ref": "#/definitions/User"
            },
            "description": "A User to create."
          }
        ],
        "responses": {
          "200": {
            "description": "Success"
          }
        }
      },
      "get": {
        "description": "Retrieves an array of Users",
        "parameters": [],
        "responses": {
          "200": {
            "description": "An array of Users",
            "schema": {
              "type": "array",
              "items": {
                "$ref": "#/definitions/User"
              }
            }
          }
        }
      }
    },
    "/pets/{id}": {
      "get": {
        "description": "Retrieves a Pet",
        "parameters": [
          {
            "name": "id",
            "in": "path",
            "type": "string",
            "description": "Select by id"
          }
        ],
        "responses": {
          "200": {
            "description": "A Pet",
            "schema": {
              "$ref": "#/definitions/Pet"
            }
          }
        }
      },
      "post": {
        "security": {
          "username": [],
          "password": []
        },
        "description": "Adds a Pet",
        "parameters": [
          {
            "name": "id",
            "in": "path",
            "type": "string",
            "description": "Select by id"
          },
          {
            "name": "body",
            "in": "body",
            "schema": {
              "$ref": "#/definitions/Pet"
            },
            "description": "A Pet to create."
          }
        ],
        "responses": {
          "200": {
            "description": "Success"
          }
        }
      },
      "patch": {
        "security": {
          "username": [],
          "password": []
        },
        "description": "Updates a Pet",
        "parameters": [
          {
            "name": "id",
            "in": "path",
            "type": "string",
            "description": "Select by id"
          },
          {
            "name": "body",
            "in": "body",
            "schema": {
              "$ref": "#/definitions/Pet"
            },
            "description": "Pet fields to update."
          }
        ],
        "responses": {
          "200": {
            "description": "A Pet",
            "schema": {
              "$ref": "#/definitions/Pet"
            }
          }
        }
      },
      "delete": {
        "security": {
          "username": [],
          "password": []
        },
        "description": "Removes a Pet",
        "parameters": [
          {
            "name": "id",
            "in": "path",
            "type": "string",
            "description": "Select by id"
          }
        ],
        "responses": {
          "200": {
            "description": "Success"
          }
        }
      }
    },
    "/pets": {
      "get": {
        "description": "Retrieves an array of Pets",
        "parameters": [],
        "responses": {
          "200": {
            "description": "An array of Pets",
            "schema": {
              "type": "array",
              "items": {
                "$ref": "#/definitions/Pet"
              }
            }
          }
        }
      },
      "post": {
        "security": {
          "username": [],
          "password": []
        },
        "description": "Adds an array of Pets",
        "parameters": [
          {
            "name": "body",
            "in": "body",
            "schema": {
              "type": "array",
              "items": {
                "$ref": "#/definitions/Pet"
              }
            },
            "description": "An array of Pets to create."
          }
        ],
        "responses": {
          "200": {
            "description": "Success"
          }
        }
      },
      "patch": {
        "security": {
          "username": [],
          "password": []
        },
        "description": "Updates an array of Pets",
        "parameters": [
          {
            "name": "body",
            "in": "body",
            "schema": {
              "type": "array",
              "items": {
                "$ref": "#/definitions/Pet"
              }
            },
            "description": "Pet fields to update."
          }
        ],
        "responses": {
          "200": {
            "description": "Success"
          }
        }
      },
      "delete": {
        "security": {
          "username": [],
          "password": []
        },
        "description": "Removes an array of Pets",
        "parameters": [],
        "responses": {
          "200": {
            "description": "Success"
          }
        }
      }
    },
    "/search/pets": {
      "get": {
        "description": "Search all pets by name",
        "parameters": [
          {
            "name": "q",
            "in": "query",
            "type": "string",
            "description": "Any regex"
          }
        ],
        "responses": {
          "200": {
            "description": "An array of Pets",
            "schema": {
              "type": "array",
              "items": {
                "$ref": "#/definitions/Pet"
              }
            }
          }
        }
      }
    },
    "/pet_types": {
      "get": {
        "description": "Retrieves an array of Pets",
        "parameters": [],
        "responses": {
          "200": {
            "description": "An array of Pets",
            "schema": {
              "type": "array",
              "items": {
                "$ref": "#/definitions/Pet"
              }
            }
          }
        }
      }
    }
  },
  "produces": [
    "application/json"
  ],
  "consumes": [
    "application/json"
  ]
}